Archive member included because of file (symbol)

/mnt/hgfs/share/build_system_kit/examples/get-started/ffmpeg_audio/build/main/libmain.a(main.o)
                              /usr/lib/gcc/x86_64-linux-gnu/4.4.7/../../../x86_64-linux-gnu/crt1.o (main)
/usr/lib/x86_64-linux-gnu/libc_nonshared.a(elf-init.oS)
                              /usr/lib/gcc/x86_64-linux-gnu/4.4.7/../../../x86_64-linux-gnu/crt1.o (__libc_csu_init)

Discarded input sections

 .note.GNU-stack
                0x0000000000000000        0x0 /usr/lib/gcc/x86_64-linux-gnu/4.4.7/../../../x86_64-linux-gnu/crt1.o
 .gnu_debuglink
                0x0000000000000000        0xc /usr/lib/gcc/x86_64-linux-gnu/4.4.7/../../../x86_64-linux-gnu/crt1.o
 .note.GNU-stack
                0x0000000000000000        0x0 /usr/lib/gcc/x86_64-linux-gnu/4.4.7/../../../x86_64-linux-gnu/crti.o
 .gnu_debuglink
                0x0000000000000000        0xc /usr/lib/gcc/x86_64-linux-gnu/4.4.7/../../../x86_64-linux-gnu/crti.o
 .note.GNU-stack
                0x0000000000000000        0x0 /usr/lib/gcc/x86_64-linux-gnu/4.4.7/crtbegin.o
 .note.GNU-stack
                0x0000000000000000        0x0 /mnt/hgfs/share/build_system_kit/examples/get-started/ffmpeg_audio/build/main/libmain.a(main.o)
 .note.GNU-stack
                0x0000000000000000        0x0 /usr/lib/x86_64-linux-gnu/libc_nonshared.a(elf-init.oS)
 .note.GNU-stack
                0x0000000000000000        0x0 /usr/lib/gcc/x86_64-linux-gnu/4.4.7/crtend.o
 .note.GNU-stack
                0x0000000000000000        0x0 /usr/lib/gcc/x86_64-linux-gnu/4.4.7/../../../x86_64-linux-gnu/crtn.o
 .gnu_debuglink
                0x0000000000000000        0xc /usr/lib/gcc/x86_64-linux-gnu/4.4.7/../../../x86_64-linux-gnu/crtn.o

Memory Configuration

Name             Origin             Length             Attributes
*default*        0x0000000000000000 0xffffffffffffffff

Linker script and memory map

LOAD /usr/lib/gcc/x86_64-linux-gnu/4.4.7/../../../x86_64-linux-gnu/crt1.o
LOAD /usr/lib/gcc/x86_64-linux-gnu/4.4.7/../../../x86_64-linux-gnu/crti.o
LOAD /usr/lib/gcc/x86_64-linux-gnu/4.4.7/crtbegin.o
LOAD /mnt/hgfs/share/build_system_kit/examples/get-started/ffmpeg_audio/build/main/libmain.a
LOAD /work/software/SDL-2.0.9-12272/tmp/lib/libSDL2.so
LOAD /work/software/ffmpeg-4.0.2/tmp/lib/libavcodec.so
LOAD /work/software/ffmpeg-4.0.2/tmp/lib/libavformat.so
LOAD /work/software/ffmpeg-4.0.2/tmp/lib/libswresample.so
LOAD /work/software/ffmpeg-4.0.2/tmp/lib/libavdevice.so
LOAD /work/software/ffmpeg-4.0.2/tmp/lib/libavutil.so
LOAD /work/software/ffmpeg-4.0.2/tmp/lib/libswscale.so
LOAD /work/software/ffmpeg-4.0.2/tmp/lib/libavfilter.so
LOAD /work/software/ffmpeg-4.0.2/tmp/lib/libpostproc.so
LOAD /usr/lib/gcc/x86_64-linux-gnu/4.4.7/libgcc.a
LOAD /usr/lib/gcc/x86_64-linux-gnu/4.4.7/libstdc++.so
LOAD /usr/lib/gcc/x86_64-linux-gnu/4.4.7/libgcc.a
LOAD /usr/lib/gcc/x86_64-linux-gnu/4.4.7/libgcc_s.so
LOAD /usr/lib/gcc/x86_64-linux-gnu/4.4.7/../../../x86_64-linux-gnu/libc.so
START GROUP
LOAD /lib/x86_64-linux-gnu/libc.so.6
LOAD /usr/lib/x86_64-linux-gnu/libc_nonshared.a
LOAD /lib/x86_64-linux-gnu/ld-linux-x86-64.so.2
END GROUP
LOAD /usr/lib/gcc/x86_64-linux-gnu/4.4.7/libgcc.a
LOAD /usr/lib/gcc/x86_64-linux-gnu/4.4.7/libgcc_s.so
LOAD /usr/lib/gcc/x86_64-linux-gnu/4.4.7/crtend.o
LOAD /usr/lib/gcc/x86_64-linux-gnu/4.4.7/../../../x86_64-linux-gnu/crtn.o
                0x0000000000400000                PROVIDE (__executable_start, 0x400000)
                0x0000000000400238                . = (0x400000 + SIZEOF_HEADERS)

.interp         0x0000000000400238       0x1c
 *(.interp)
 .interp        0x0000000000400238       0x1c /usr/lib/gcc/x86_64-linux-gnu/4.4.7/../../../x86_64-linux-gnu/crt1.o

.note.ABI-tag   0x0000000000400254       0x20
 .note.ABI-tag  0x0000000000400254       0x20 /usr/lib/gcc/x86_64-linux-gnu/4.4.7/../../../x86_64-linux-gnu/crt1.o

.note.gnu.build-id
                0x0000000000400274       0x24
 *(.note.gnu.build-id)
 .note.gnu.build-id
                0x0000000000400274       0x24 /usr/lib/gcc/x86_64-linux-gnu/4.4.7/../../../x86_64-linux-gnu/crt1.o

.hash
 *(.hash)

.gnu.hash       0x0000000000400298       0x38
 *(.gnu.hash)
 .gnu.hash      0x0000000000400298       0x38 /usr/lib/gcc/x86_64-linux-gnu/4.4.7/../../../x86_64-linux-gnu/crt1.o

.dynsym         0x00000000004002d0      0x468
 *(.dynsym)
 .dynsym        0x00000000004002d0      0x468 /usr/lib/gcc/x86_64-linux-gnu/4.4.7/../../../x86_64-linux-gnu/crt1.o

.dynstr         0x0000000000400738      0x38d
 *(.dynstr)
 .dynstr        0x0000000000400738      0x38d /usr/lib/gcc/x86_64-linux-gnu/4.4.7/../../../x86_64-linux-gnu/crt1.o

.gnu.version    0x0000000000400ac6       0x5e
 *(.gnu.version)
 .gnu.version   0x0000000000400ac6       0x5e /usr/lib/gcc/x86_64-linux-gnu/4.4.7/../../../x86_64-linux-gnu/crt1.o

.gnu.version_d  0x0000000000400b28        0x0
 *(.gnu.version_d)
 .gnu.version_d
                0x0000000000000000        0x0 /usr/lib/gcc/x86_64-linux-gnu/4.4.7/../../../x86_64-linux-gnu/crt1.o

.gnu.version_r  0x0000000000400b28       0xa0
 *(.gnu.version_r)
 .gnu.version_r
                0x0000000000400b28       0xa0 /usr/lib/gcc/x86_64-linux-gnu/4.4.7/../../../x86_64-linux-gnu/crt1.o

.rela.dyn       0x0000000000400bc8       0x18
 *(.rela.init)
 *(.rela.text .rela.text.* .rela.gnu.linkonce.t.*)
 .rela.text     0x0000000000000000        0x0 /usr/lib/gcc/x86_64-linux-gnu/4.4.7/../../../x86_64-linux-gnu/crt1.o
 *(.rela.fini)
 *(.rela.rodata .rela.rodata.* .rela.gnu.linkonce.r.*)
 *(.rela.data .rela.data.* .rela.gnu.linkonce.d.*)
 *(.rela.tdata .rela.tdata.* .rela.gnu.linkonce.td.*)
 *(.rela.tbss .rela.tbss.* .rela.gnu.linkonce.tb.*)
 *(.rela.ctors)
 *(.rela.dtors)
 *(.rela.got)
 .rela.got      0x0000000000400bc8       0x18 /usr/lib/gcc/x86_64-linux-gnu/4.4.7/../../../x86_64-linux-gnu/crt1.o
 *(.rela.bss .rela.bss.* .rela.gnu.linkonce.b.*)
 .rela.bss      0x0000000000000000        0x0 /usr/lib/gcc/x86_64-linux-gnu/4.4.7/../../../x86_64-linux-gnu/crt1.o
 *(.rela.ldata .rela.ldata.* .rela.gnu.linkonce.l.*)
 *(.rela.lbss .rela.lbss.* .rela.gnu.linkonce.lb.*)
 *(.rela.lrodata .rela.lrodata.* .rela.gnu.linkonce.lr.*)
 *(.rela.ifunc)

.rela.plt       0x0000000000400be0      0x3c0
 *(.rela.plt)
 .rela.plt      0x0000000000400be0      0x3c0 /usr/lib/gcc/x86_64-linux-gnu/4.4.7/../../../x86_64-linux-gnu/crt1.o
                0x0000000000400fa0                PROVIDE (__rela_iplt_start, .)
 *(.rela.iplt)
 .rela.iplt     0x0000000000000000        0x0 /usr/lib/gcc/x86_64-linux-gnu/4.4.7/../../../x86_64-linux-gnu/crt1.o
                0x0000000000400fa0                PROVIDE (__rela_iplt_end, .)

.init           0x0000000000400fa0       0x24
 *(.init)
 .init          0x0000000000400fa0       0x15 /usr/lib/gcc/x86_64-linux-gnu/4.4.7/../../../x86_64-linux-gnu/crti.o
                0x0000000000400fa0                _init
 .init          0x0000000000400fb5        0x5 /usr/lib/gcc/x86_64-linux-gnu/4.4.7/crtbegin.o
 .init          0x0000000000400fba        0x5 /usr/lib/gcc/x86_64-linux-gnu/4.4.7/crtend.o
 .init          0x0000000000400fbf        0x5 /usr/lib/gcc/x86_64-linux-gnu/4.4.7/../../../x86_64-linux-gnu/crtn.o

.plt            0x0000000000400fd0      0x290
 *(.plt)
 .plt           0x0000000000400fd0      0x290 /usr/lib/gcc/x86_64-linux-gnu/4.4.7/../../../x86_64-linux-gnu/crt1.o
                0x0000000000400fe0                printf@@GLIBC_2.2.5
                0x0000000000400ff0                SDL_Quit
                0x0000000000401000                avcodec_find_decoder@@LIBAVCODEC_58
                0x0000000000401010                avformat_network_init@@LIBAVFORMAT_58
                0x0000000000401020                SDL_memset
                0x0000000000401030                avcodec_close@@LIBAVCODEC_58
                0x0000000000401040                swr_convert@@LIBSWRESAMPLE_3
                0x0000000000401050                SDL_CloseAudio
                0x0000000000401060                avcodec_decode_audio4@@LIBAVCODEC_58
                0x0000000000401070                av_register_all@@LIBAVFORMAT_58
                0x0000000000401080                SDL_Delay
                0x0000000000401090                SDL_GetError
                0x00000000004010a0                av_frame_alloc@@LIBAVUTIL_56
                0x00000000004010b0                SDL_PauseAudio
                0x00000000004010c0                avformat_open_input@@LIBAVFORMAT_58
                0x00000000004010d0                av_free@@LIBAVUTIL_56
                0x00000000004010e0                swr_alloc@@LIBSWRESAMPLE_3
                0x00000000004010f0                avformat_close_input@@LIBAVFORMAT_58
                0x0000000000401100                avformat_alloc_context@@LIBAVFORMAT_58
                0x0000000000401110                av_init_packet@@LIBAVCODEC_58
                0x0000000000401120                SDL_Init
                0x0000000000401130                swr_free@@LIBSWRESAMPLE_3
                0x0000000000401140                av_dump_format@@LIBAVFORMAT_58
                0x0000000000401150                av_free_packet@@LIBAVCODEC_58
                0x0000000000401160                signal@@GLIBC_2.2.5
                0x0000000000401170                exit@@GLIBC_2.2.5
                0x0000000000401180                av_get_channel_layout_nb_channels@@LIBAVUTIL_56
                0x0000000000401190                av_read_frame@@LIBAVFORMAT_58
                0x00000000004011a0                swr_init@@LIBSWRESAMPLE_3
                0x00000000004011b0                avcodec_open2@@LIBAVCODEC_58
                0x00000000004011c0                SDL_MixAudio
                0x00000000004011d0                puts@@GLIBC_2.2.5
                0x00000000004011e0                SDL_OpenAudio
                0x00000000004011f0                av_malloc@@LIBAVUTIL_56
                0x0000000000401200                avformat_find_stream_info@@LIBAVFORMAT_58
                0x0000000000401210                swr_alloc_set_opts@@LIBSWRESAMPLE_3
                0x0000000000401220                av_samples_get_buffer_size@@LIBAVUTIL_56
                0x0000000000401230                __libc_start_main@@GLIBC_2.2.5
                0x0000000000401250                av_get_default_channel_layout@@LIBAVUTIL_56
 *(.iplt)
 .iplt          0x0000000000000000        0x0 /usr/lib/gcc/x86_64-linux-gnu/4.4.7/../../../x86_64-linux-gnu/crt1.o

.text           0x0000000000401260      0x826
 *(.text.unlikely .text.*_unlikely)
 *(.text.exit .text.exit.*)
 *(.text.startup .text.startup.*)
 *(.text.hot .text.hot.*)
 *(.text .stub .text.* .gnu.linkonce.t.*)
 .text          0x0000000000401260       0x2a /usr/lib/gcc/x86_64-linux-gnu/4.4.7/../../../x86_64-linux-gnu/crt1.o
                0x0000000000401260                _start
 .text          0x000000000040128a        0x0 /usr/lib/gcc/x86_64-linux-gnu/4.4.7/../../../x86_64-linux-gnu/crti.o
 *fill*         0x000000000040128a        0x6 90909090
 .text          0x0000000000401290       0x92 /usr/lib/gcc/x86_64-linux-gnu/4.4.7/crtbegin.o
 *fill*         0x0000000000401322        0x2 90909090
 .text          0x0000000000401324      0x6aa /mnt/hgfs/share/build_system_kit/examples/get-started/ffmpeg_audio/build/main/libmain.a(main.o)
                0x0000000000401324                fill_audio
                0x00000000004013be                init_ffmpeg_engine
                0x0000000000401469                find_decoder_open
                0x00000000004014d3                count_audio_frame
                0x000000000040155d                count_video_frame
                0x00000000004015e6                init_sdl_engine
                0x00000000004016a0                main
 *fill*         0x00000000004019ce        0x2 90909090
 .text          0x00000000004019d0       0x72 /usr/lib/x86_64-linux-gnu/libc_nonshared.a(elf-init.oS)
                0x00000000004019d0                __libc_csu_init
                0x0000000000401a40                __libc_csu_fini
 *fill*         0x0000000000401a42        0xe 90909090
 .text          0x0000000000401a50       0x36 /usr/lib/gcc/x86_64-linux-gnu/4.4.7/crtend.o
 .text          0x0000000000401a86        0x0 /usr/lib/gcc/x86_64-linux-gnu/4.4.7/../../../x86_64-linux-gnu/crtn.o
 *(.gnu.warning)

.fini           0x0000000000401a88        0xe
 *(.fini)
 .fini          0x0000000000401a88        0x4 /usr/lib/gcc/x86_64-linux-gnu/4.4.7/../../../x86_64-linux-gnu/crti.o
                0x0000000000401a88                _fini
 .fini          0x0000000000401a8c        0x5 /usr/lib/gcc/x86_64-linux-gnu/4.4.7/crtbegin.o
 .fini          0x0000000000401a91        0x5 /usr/lib/gcc/x86_64-linux-gnu/4.4.7/../../../x86_64-linux-gnu/crtn.o
                0x0000000000401a96                PROVIDE (__etext, .)
                0x0000000000401a96                PROVIDE (_etext, .)
                0x0000000000401a96                PROVIDE (etext, .)

.rodata         0x0000000000401aa0      0x172
 *(.rodata .rodata.* .gnu.linkonce.r.*)
 .rodata.cst4   0x0000000000401aa0        0x4 /usr/lib/gcc/x86_64-linux-gnu/4.4.7/../../../x86_64-linux-gnu/crt1.o
                0x0000000000401aa0                _IO_stdin_used
 *fill*         0x0000000000401aa4        0xc 00
 .rodata        0x0000000000401ab0      0x162 /mnt/hgfs/share/build_system_kit/examples/get-started/ffmpeg_audio/build/main/libmain.a(main.o)

.rodata1
 *(.rodata1)

.eh_frame_hdr   0x0000000000401c14       0x64
 *(.eh_frame_hdr)
 .eh_frame_hdr  0x0000000000401c14       0x64 /usr/lib/gcc/x86_64-linux-gnu/4.4.7/../../../x86_64-linux-gnu/crt1.o

.eh_frame       0x0000000000401c78      0x1ac
 *(.eh_frame)
 .eh_frame      0x0000000000401c78       0x30 /usr/lib/gcc/x86_64-linux-gnu/4.4.7/../../../x86_64-linux-gnu/crt1.o
 .eh_frame      0x0000000000401ca8      0x118 /mnt/hgfs/share/build_system_kit/examples/get-started/ffmpeg_audio/build/main/libmain.a(main.o)
                                         0xf8 (size before relaxing)
 .eh_frame      0x0000000000401dc0       0x60 /usr/lib/x86_64-linux-gnu/libc_nonshared.a(elf-init.oS)
                                         0x78 (size before relaxing)
 .eh_frame      0x0000000000401e20        0x4 /usr/lib/gcc/x86_64-linux-gnu/4.4.7/crtend.o

.gcc_except_table
 *(.gcc_except_table .gcc_except_table.*)

.exception_ranges
 *(.exception_ranges .exception_ranges*)
                0x0000000000401e24                . = (ALIGN (0x200000) - ((0x200000 - .) & 0x1fffff))
                0x0000000000602d84                . = DATA_SEGMENT_ALIGN (0x200000, 0x1000)

.eh_frame
 *(.eh_frame)

.gcc_except_table
 *(.gcc_except_table .gcc_except_table.*)

.exception_ranges
 *(.exception_ranges .exception_ranges*)

.tdata
 *(.tdata .tdata.* .gnu.linkonce.td.*)

.tbss
 *(.tbss .tbss.* .gnu.linkonce.tb.*)
 *(.tcommon)

.preinit_array  0x0000000000602d84        0x0
                0x0000000000602d84                PROVIDE (__preinit_array_start, .)
 *(.preinit_array)
                0x0000000000602d84                PROVIDE (__preinit_array_end, .)

.init_array     0x0000000000602d84        0x0
                0x0000000000602d84                PROVIDE (__init_array_start, .)
 *(SORT(.init_array.*) SORT(.ctors.*))
 *(.init_array)
 *(EXCLUDE_FILE(*crtend?.o *crtend.o *crtbegin?.o *crtbegin.o) .ctors)
                0x0000000000602d84                PROVIDE (__init_array_end, .)

.fini_array     0x0000000000602d84        0x0
                0x0000000000602d84                PROVIDE (__fini_array_start, .)
 *(SORT(.fini_array.*) SORT(.dtors.*))
 *(.fini_array)
 *(EXCLUDE_FILE(*crtend?.o *crtend.o *crtbegin?.o *crtbegin.o) .dtors)
                0x0000000000602d84                PROVIDE (__fini_array_end, .)

.ctors          0x0000000000602d88       0x10
 *crtbegin.o(.ctors)
 .ctors         0x0000000000602d88        0x8 /usr/lib/gcc/x86_64-linux-gnu/4.4.7/crtbegin.o
 *crtbegin?.o(.ctors)
 *(EXCLUDE_FILE(*crtend?.o *crtend.o) .ctors)
 *(SORT(.ctors.*))
 *(.ctors)
 .ctors         0x0000000000602d90        0x8 /usr/lib/gcc/x86_64-linux-gnu/4.4.7/crtend.o

.dtors          0x0000000000602d98       0x10
 *crtbegin.o(.dtors)
 .dtors         0x0000000000602d98        0x8 /usr/lib/gcc/x86_64-linux-gnu/4.4.7/crtbegin.o
 *crtbegin?.o(.dtors)
 *(EXCLUDE_FILE(*crtend?.o *crtend.o) .dtors)
 *(SORT(.dtors.*))
 *(.dtors)
 .dtors         0x0000000000602da0        0x8 /usr/lib/gcc/x86_64-linux-gnu/4.4.7/crtend.o
                0x0000000000602da0                __DTOR_END__

.jcr            0x0000000000602da8        0x8
 *(.jcr)
 .jcr           0x0000000000602da8        0x0 /usr/lib/gcc/x86_64-linux-gnu/4.4.7/crtbegin.o
 .jcr           0x0000000000602da8        0x8 /usr/lib/gcc/x86_64-linux-gnu/4.4.7/crtend.o

.data.rel.ro
 *(.data.rel.ro.local* .gnu.linkonce.d.rel.ro.local.*)
 *(.data.rel.ro* .gnu.linkonce.d.rel.ro.*)

.dynamic        0x0000000000602db0      0x230
 *(.dynamic)
 .dynamic       0x0000000000602db0      0x230 /usr/lib/gcc/x86_64-linux-gnu/4.4.7/../../../x86_64-linux-gnu/crt1.o
                0x0000000000602db0                _DYNAMIC

.got            0x0000000000602fe0        0x8
 *(.got)
 .got           0x0000000000602fe0        0x8 /usr/lib/gcc/x86_64-linux-gnu/4.4.7/../../../x86_64-linux-gnu/crt1.o
 *(.igot)
                0x0000000000602fe8                . = DATA_SEGMENT_RELRO_END (., 0x18)

.got.plt        0x0000000000602fe8      0x158
 *(.got.plt)
 .got.plt       0x0000000000602fe8      0x158 /usr/lib/gcc/x86_64-linux-gnu/4.4.7/../../../x86_64-linux-gnu/crt1.o
                0x0000000000602fe8                _GLOBAL_OFFSET_TABLE_
 *(.igot.plt)
 .igot.plt      0x0000000000000000        0x0 /usr/lib/gcc/x86_64-linux-gnu/4.4.7/../../../x86_64-linux-gnu/crt1.o

.data           0x0000000000603140       0x10
 *(.data .data.* .gnu.linkonce.d.*)
 .data          0x0000000000603140        0x4 /usr/lib/gcc/x86_64-linux-gnu/4.4.7/../../../x86_64-linux-gnu/crt1.o
                0x0000000000603140                data_start
                0x0000000000603140                __data_start
 .data          0x0000000000603144        0x0 /usr/lib/gcc/x86_64-linux-gnu/4.4.7/../../../x86_64-linux-gnu/crti.o
 *fill*         0x0000000000603144        0x4 00
 .data          0x0000000000603148        0x8 /usr/lib/gcc/x86_64-linux-gnu/4.4.7/crtbegin.o
                0x0000000000603148                __dso_handle
 .data          0x0000000000603150        0x0 /mnt/hgfs/share/build_system_kit/examples/get-started/ffmpeg_audio/build/main/libmain.a(main.o)
 .data          0x0000000000603150        0x0 /usr/lib/x86_64-linux-gnu/libc_nonshared.a(elf-init.oS)
 .data          0x0000000000603150        0x0 /usr/lib/gcc/x86_64-linux-gnu/4.4.7/crtend.o
 .data          0x0000000000603150        0x0 /usr/lib/gcc/x86_64-linux-gnu/4.4.7/../../../x86_64-linux-gnu/crtn.o

.data1
 *(.data1)
                0x0000000000603150                _edata = .
                0x0000000000603150                PROVIDE (edata, .)
                0x0000000000603150                __bss_start = .

.bss            0x0000000000603150       0x28
 *(.dynbss)
 .dynbss        0x0000000000000000        0x0 /usr/lib/gcc/x86_64-linux-gnu/4.4.7/../../../x86_64-linux-gnu/crt1.o
 *(.bss .bss.* .gnu.linkonce.b.*)
 .bss           0x0000000000603150        0x0 /usr/lib/gcc/x86_64-linux-gnu/4.4.7/../../../x86_64-linux-gnu/crt1.o
 .bss           0x0000000000603150        0x0 /usr/lib/gcc/x86_64-linux-gnu/4.4.7/../../../x86_64-linux-gnu/crti.o
 .bss           0x0000000000603150       0x10 /usr/lib/gcc/x86_64-linux-gnu/4.4.7/crtbegin.o
 .bss           0x0000000000603160       0x18 /mnt/hgfs/share/build_system_kit/examples/get-started/ffmpeg_audio/build/main/libmain.a(main.o)
 .bss           0x0000000000603178        0x0 /usr/lib/x86_64-linux-gnu/libc_nonshared.a(elf-init.oS)
 .bss           0x0000000000603178        0x0 /usr/lib/gcc/x86_64-linux-gnu/4.4.7/crtend.o
 .bss           0x0000000000603178        0x0 /usr/lib/gcc/x86_64-linux-gnu/4.4.7/../../../x86_64-linux-gnu/crtn.o
 *(COMMON)
                0x0000000000603178                . = ALIGN ((. != 0x0)?0x8:0x1)

.lbss
 *(.dynlbss)
 *(.lbss .lbss.* .gnu.linkonce.lb.*)
 *(LARGE_COMMON)
                0x0000000000603178                . = ALIGN (0x8)

.lrodata
 *(.lrodata .lrodata.* .gnu.linkonce.lr.*)

.ldata          0x0000000000a03178        0x0
 *(.ldata .ldata.* .gnu.linkonce.l.*)
                0x0000000000a03178                . = ALIGN ((. != 0x0)?0x8:0x1)
                0x0000000000a03178                . = ALIGN (0x8)
                0x0000000000a03178                _end = .
                0x0000000000a03178                PROVIDE (end, .)
                0x0000000000a03178                . = DATA_SEGMENT_END (.)

.stab
 *(.stab)

.stabstr
 *(.stabstr)

.stab.excl
 *(.stab.excl)

.stab.exclstr
 *(.stab.exclstr)

.stab.index
 *(.stab.index)

.stab.indexstr
 *(.stab.indexstr)

.comment        0x0000000000000000       0x55
 *(.comment)
 .comment       0x0000000000000000       0x2a /usr/lib/gcc/x86_64-linux-gnu/4.4.7/crtbegin.o
                                         0x2b (size before relaxing)
 .comment       0x0000000000000000       0x2b /mnt/hgfs/share/build_system_kit/examples/get-started/ffmpeg_audio/build/main/libmain.a(main.o)
 .comment       0x000000000000002a       0x2b /usr/lib/x86_64-linux-gnu/libc_nonshared.a(elf-init.oS)
                                         0x2c (size before relaxing)
 .comment       0x0000000000000000       0x2b /usr/lib/gcc/x86_64-linux-gnu/4.4.7/crtend.o

.debug
 *(.debug)

.line
 *(.line)

.debug_srcinfo
 *(.debug_srcinfo)

.debug_sfnames
 *(.debug_sfnames)

.debug_aranges  0x0000000000000000       0x30
 *(.debug_aranges)
 .debug_aranges
                0x0000000000000000       0x30 /mnt/hgfs/share/build_system_kit/examples/get-started/ffmpeg_audio/build/main/libmain.a(main.o)

.debug_pubnames
                0x0000000000000000       0x97
 *(.debug_pubnames)
 .debug_pubnames
                0x0000000000000000       0x97 /mnt/hgfs/share/build_system_kit/examples/get-started/ffmpeg_audio/build/main/libmain.a(main.o)

.debug_info     0x0000000000000000     0x5ccc
 *(.debug_info .gnu.linkonce.wi.*)
 .debug_info    0x0000000000000000     0x5ccc /mnt/hgfs/share/build_system_kit/examples/get-started/ffmpeg_audio/build/main/libmain.a(main.o)

.debug_abbrev   0x0000000000000000      0x208
 *(.debug_abbrev)
 .debug_abbrev  0x0000000000000000      0x208 /mnt/hgfs/share/build_system_kit/examples/get-started/ffmpeg_audio/build/main/libmain.a(main.o)

.debug_line     0x0000000000000000      0x33e
 *(.debug_line)
 .debug_line    0x0000000000000000      0x33e /mnt/hgfs/share/build_system_kit/examples/get-started/ffmpeg_audio/build/main/libmain.a(main.o)

.debug_frame
 *(.debug_frame)

.debug_str      0x0000000000000000     0x79e2
 *(.debug_str)
 .debug_str     0x0000000000000000     0x79e2 /mnt/hgfs/share/build_system_kit/examples/get-started/ffmpeg_audio/build/main/libmain.a(main.o)
                                       0x7c90 (size before relaxing)

.debug_loc      0x0000000000000000      0x260
 *(.debug_loc)
 .debug_loc     0x0000000000000000      0x260 /mnt/hgfs/share/build_system_kit/examples/get-started/ffmpeg_audio/build/main/libmain.a(main.o)

.debug_macinfo
 *(.debug_macinfo)

.debug_weaknames
 *(.debug_weaknames)

.debug_funcnames
 *(.debug_funcnames)

.debug_typenames
 *(.debug_typenames)

.debug_varnames
 *(.debug_varnames)

.debug_pubtypes
 *(.debug_pubtypes)

.debug_ranges
 *(.debug_ranges)

.gnu.attributes
 *(.gnu.attributes)

/DISCARD/
 *(.note.GNU-stack)
 *(.gnu_debuglink)
 *(.gnu.lto_*)
OUTPUT(/mnt/hgfs/share/build_system_kit/examples/get-started/ffmpeg_audio/build/ffmpeg_audio.elf elf64-x86-64)
