Archive member included because of file (symbol)

/mnt/hgfs/share/build_system_kit/examples/get-started/project_template/build/main/libmain.a(main.o)
                              /usr/lib/gcc/x86_64-linux-gnu/4.4.7/../../../x86_64-linux-gnu/crt1.o (main)
/usr/lib/x86_64-linux-gnu/libc_nonshared.a(elf-init.oS)
                              /usr/lib/gcc/x86_64-linux-gnu/4.4.7/../../../x86_64-linux-gnu/crt1.o (__libc_csu_init)

Discarded input sections

 .note.GNU-stack
                0x0000000000000000        0x0 /usr/lib/gcc/x86_64-linux-gnu/4.4.7/../../../x86_64-linux-gnu/crt1.o
 .gnu_debuglink
                0x0000000000000000        0xc /usr/lib/gcc/x86_64-linux-gnu/4.4.7/../../../x86_64-linux-gnu/crt1.o
 .note.GNU-stack
                0x0000000000000000        0x0 /usr/lib/gcc/x86_64-linux-gnu/4.4.7/../../../x86_64-linux-gnu/crti.o
 .gnu_debuglink
                0x0000000000000000        0xc /usr/lib/gcc/x86_64-linux-gnu/4.4.7/../../../x86_64-linux-gnu/crti.o
 .note.GNU-stack
                0x0000000000000000        0x0 /usr/lib/gcc/x86_64-linux-gnu/4.4.7/crtbegin.o
 .note.GNU-stack
                0x0000000000000000        0x0 /mnt/hgfs/share/build_system_kit/examples/get-started/project_template/build/main/libmain.a(main.o)
 .note.GNU-stack
                0x0000000000000000        0x0 /usr/lib/x86_64-linux-gnu/libc_nonshared.a(elf-init.oS)
 .note.GNU-stack
                0x0000000000000000        0x0 /usr/lib/gcc/x86_64-linux-gnu/4.4.7/crtend.o
 .note.GNU-stack
                0x0000000000000000        0x0 /usr/lib/gcc/x86_64-linux-gnu/4.4.7/../../../x86_64-linux-gnu/crtn.o
 .gnu_debuglink
                0x0000000000000000        0xc /usr/lib/gcc/x86_64-linux-gnu/4.4.7/../../../x86_64-linux-gnu/crtn.o

Memory Configuration

Name             Origin             Length             Attributes
*default*        0x0000000000000000 0xffffffffffffffff

Linker script and memory map

LOAD /usr/lib/gcc/x86_64-linux-gnu/4.4.7/../../../x86_64-linux-gnu/crt1.o
LOAD /usr/lib/gcc/x86_64-linux-gnu/4.4.7/../../../x86_64-linux-gnu/crti.o
LOAD /usr/lib/gcc/x86_64-linux-gnu/4.4.7/crtbegin.o
LOAD /mnt/hgfs/share/build_system_kit/examples/get-started/project_template/build/components/libcomponents.a
LOAD /mnt/hgfs/share/build_system_kit/examples/get-started/project_template/build/main/libmain.a
LOAD /usr/lib/gcc/x86_64-linux-gnu/4.4.7/libgcc.a
LOAD /usr/lib/gcc/x86_64-linux-gnu/4.4.7/libstdc++.so
LOAD /usr/lib/gcc/x86_64-linux-gnu/4.4.7/libgcc.a
LOAD /usr/lib/gcc/x86_64-linux-gnu/4.4.7/libgcc_s.so
LOAD /usr/lib/gcc/x86_64-linux-gnu/4.4.7/../../../x86_64-linux-gnu/libc.so
START GROUP
LOAD /lib/x86_64-linux-gnu/libc.so.6
LOAD /usr/lib/x86_64-linux-gnu/libc_nonshared.a
LOAD /lib/x86_64-linux-gnu/ld-linux-x86-64.so.2
END GROUP
LOAD /usr/lib/gcc/x86_64-linux-gnu/4.4.7/libgcc.a
LOAD /usr/lib/gcc/x86_64-linux-gnu/4.4.7/libgcc_s.so
LOAD /usr/lib/gcc/x86_64-linux-gnu/4.4.7/crtend.o
LOAD /usr/lib/gcc/x86_64-linux-gnu/4.4.7/../../../x86_64-linux-gnu/crtn.o
                0x0000000000400000                PROVIDE (__executable_start, 0x400000)
                0x0000000000400238                . = (0x400000 + SIZEOF_HEADERS)

.interp         0x0000000000400238       0x1c
 *(.interp)
 .interp        0x0000000000400238       0x1c /usr/lib/gcc/x86_64-linux-gnu/4.4.7/../../../x86_64-linux-gnu/crt1.o

.note.ABI-tag   0x0000000000400254       0x20
 .note.ABI-tag  0x0000000000400254       0x20 /usr/lib/gcc/x86_64-linux-gnu/4.4.7/../../../x86_64-linux-gnu/crt1.o

.note.gnu.build-id
                0x0000000000400274       0x24
 *(.note.gnu.build-id)
 .note.gnu.build-id
                0x0000000000400274       0x24 /usr/lib/gcc/x86_64-linux-gnu/4.4.7/../../../x86_64-linux-gnu/crt1.o

.hash
 *(.hash)

.gnu.hash       0x0000000000400298       0x1c
 *(.gnu.hash)
 .gnu.hash      0x0000000000400298       0x1c /usr/lib/gcc/x86_64-linux-gnu/4.4.7/../../../x86_64-linux-gnu/crt1.o

.dynsym         0x00000000004002b8       0x78
 *(.dynsym)
 .dynsym        0x00000000004002b8       0x78 /usr/lib/gcc/x86_64-linux-gnu/4.4.7/../../../x86_64-linux-gnu/crt1.o

.dynstr         0x0000000000400330       0x62
 *(.dynstr)
 .dynstr        0x0000000000400330       0x62 /usr/lib/gcc/x86_64-linux-gnu/4.4.7/../../../x86_64-linux-gnu/crt1.o

.gnu.version    0x0000000000400392        0xa
 *(.gnu.version)
 .gnu.version   0x0000000000400392        0xa /usr/lib/gcc/x86_64-linux-gnu/4.4.7/../../../x86_64-linux-gnu/crt1.o

.gnu.version_d  0x00000000004003a0        0x0
 *(.gnu.version_d)
 .gnu.version_d
                0x0000000000000000        0x0 /usr/lib/gcc/x86_64-linux-gnu/4.4.7/../../../x86_64-linux-gnu/crt1.o

.gnu.version_r  0x00000000004003a0       0x20
 *(.gnu.version_r)
 .gnu.version_r
                0x00000000004003a0       0x20 /usr/lib/gcc/x86_64-linux-gnu/4.4.7/../../../x86_64-linux-gnu/crt1.o

.rela.dyn       0x00000000004003c0       0x18
 *(.rela.init)
 *(.rela.text .rela.text.* .rela.gnu.linkonce.t.*)
 .rela.text     0x0000000000000000        0x0 /usr/lib/gcc/x86_64-linux-gnu/4.4.7/../../../x86_64-linux-gnu/crt1.o
 *(.rela.fini)
 *(.rela.rodata .rela.rodata.* .rela.gnu.linkonce.r.*)
 *(.rela.data .rela.data.* .rela.gnu.linkonce.d.*)
 *(.rela.tdata .rela.tdata.* .rela.gnu.linkonce.td.*)
 *(.rela.tbss .rela.tbss.* .rela.gnu.linkonce.tb.*)
 *(.rela.ctors)
 *(.rela.dtors)
 *(.rela.got)
 .rela.got      0x00000000004003c0       0x18 /usr/lib/gcc/x86_64-linux-gnu/4.4.7/../../../x86_64-linux-gnu/crt1.o
 *(.rela.bss .rela.bss.* .rela.gnu.linkonce.b.*)
 .rela.bss      0x0000000000000000        0x0 /usr/lib/gcc/x86_64-linux-gnu/4.4.7/../../../x86_64-linux-gnu/crt1.o
 *(.rela.ldata .rela.ldata.* .rela.gnu.linkonce.l.*)
 *(.rela.lbss .rela.lbss.* .rela.gnu.linkonce.lb.*)
 *(.rela.lrodata .rela.lrodata.* .rela.gnu.linkonce.lr.*)
 *(.rela.ifunc)

.rela.plt       0x00000000004003d8       0x30
 *(.rela.plt)
 .rela.plt      0x00000000004003d8       0x30 /usr/lib/gcc/x86_64-linux-gnu/4.4.7/../../../x86_64-linux-gnu/crt1.o
                0x0000000000400408                PROVIDE (__rela_iplt_start, .)
 *(.rela.iplt)
 .rela.iplt     0x0000000000000000        0x0 /usr/lib/gcc/x86_64-linux-gnu/4.4.7/../../../x86_64-linux-gnu/crt1.o
                0x0000000000400408                PROVIDE (__rela_iplt_end, .)

.init           0x0000000000400408       0x18
 *(.init)
 .init          0x0000000000400408        0x9 /usr/lib/gcc/x86_64-linux-gnu/4.4.7/../../../x86_64-linux-gnu/crti.o
                0x0000000000400408                _init
 .init          0x0000000000400411        0x5 /usr/lib/gcc/x86_64-linux-gnu/4.4.7/crtbegin.o
 .init          0x0000000000400416        0x5 /usr/lib/gcc/x86_64-linux-gnu/4.4.7/crtend.o
 .init          0x000000000040041b        0x5 /usr/lib/gcc/x86_64-linux-gnu/4.4.7/../../../x86_64-linux-gnu/crtn.o

.plt            0x0000000000400420       0x30
 *(.plt)
 .plt           0x0000000000400420       0x30 /usr/lib/gcc/x86_64-linux-gnu/4.4.7/../../../x86_64-linux-gnu/crt1.o
                0x0000000000400430                printf@@GLIBC_2.2.5
                0x0000000000400440                __libc_start_main@@GLIBC_2.2.5
 *(.iplt)
 .iplt          0x0000000000000000        0x0 /usr/lib/gcc/x86_64-linux-gnu/4.4.7/../../../x86_64-linux-gnu/crt1.o

.text           0x0000000000400450      0x1f8
 *(.text.unlikely .text.*_unlikely)
 *(.text.exit .text.exit.*)
 *(.text.startup .text.startup.*)
 *(.text.hot .text.hot.*)
 *(.text .stub .text.* .gnu.linkonce.t.*)
 .text          0x0000000000400450       0x2c /usr/lib/gcc/x86_64-linux-gnu/4.4.7/../../../x86_64-linux-gnu/crt1.o
                0x0000000000400450                _start
 .text          0x000000000040047c       0x17 /usr/lib/gcc/x86_64-linux-gnu/4.4.7/../../../x86_64-linux-gnu/crti.o
 *fill*         0x0000000000400493        0xd 90909090
 .text          0x00000000004004a0       0x92 /usr/lib/gcc/x86_64-linux-gnu/4.4.7/crtbegin.o
 *fill*         0x0000000000400532        0x2 90909090
 .text          0x0000000000400534       0x2d /mnt/hgfs/share/build_system_kit/examples/get-started/project_template/build/main/libmain.a(main.o)
                0x0000000000400534                main
 *fill*         0x0000000000400561        0xf 90909090
 .text          0x0000000000400570       0x92 /usr/lib/x86_64-linux-gnu/libc_nonshared.a(elf-init.oS)
                0x0000000000400570                __libc_csu_init
                0x0000000000400600                __libc_csu_fini
 *fill*         0x0000000000400602        0xe 90909090
 .text          0x0000000000400610       0x36 /usr/lib/gcc/x86_64-linux-gnu/4.4.7/crtend.o
 *fill*         0x0000000000400646        0x2 90909090
 .text          0x0000000000400648        0x0 /usr/lib/gcc/x86_64-linux-gnu/4.4.7/../../../x86_64-linux-gnu/crtn.o
 *(.gnu.warning)

.fini           0x0000000000400648        0xe
 *(.fini)
 .fini          0x0000000000400648        0x4 /usr/lib/gcc/x86_64-linux-gnu/4.4.7/../../../x86_64-linux-gnu/crti.o
                0x0000000000400648                _fini
 .fini          0x000000000040064c        0x5 /usr/lib/gcc/x86_64-linux-gnu/4.4.7/crtbegin.o
 .fini          0x0000000000400651        0x5 /usr/lib/gcc/x86_64-linux-gnu/4.4.7/../../../x86_64-linux-gnu/crtn.o
                0x0000000000400656                PROVIDE (__etext, .)
                0x0000000000400656                PROVIDE (_etext, .)
                0x0000000000400656                PROVIDE (etext, .)

.rodata         0x0000000000400658       0x1b
 *(.rodata .rodata.* .gnu.linkonce.r.*)
 .rodata.cst4   0x0000000000400658        0x4 /usr/lib/gcc/x86_64-linux-gnu/4.4.7/../../../x86_64-linux-gnu/crt1.o
                0x0000000000400658                _IO_stdin_used
 .rodata        0x000000000040065c       0x17 /mnt/hgfs/share/build_system_kit/examples/get-started/project_template/build/main/libmain.a(main.o)

.rodata1
 *(.rodata1)

.eh_frame_hdr   0x0000000000400674       0x2c
 *(.eh_frame_hdr)
 .eh_frame_hdr  0x0000000000400674       0x2c /usr/lib/gcc/x86_64-linux-gnu/4.4.7/../../../x86_64-linux-gnu/crt1.o

.eh_frame       0x00000000004006a0       0xa4
 *(.eh_frame)
 .eh_frame      0x00000000004006a0       0x40 /usr/lib/gcc/x86_64-linux-gnu/4.4.7/../../../x86_64-linux-gnu/crt1.o
 .eh_frame      0x00000000004006e0       0x20 /mnt/hgfs/share/build_system_kit/examples/get-started/project_template/build/main/libmain.a(main.o)
                                         0x38 (size before relaxing)
 .eh_frame      0x0000000000400700       0x40 /usr/lib/x86_64-linux-gnu/libc_nonshared.a(elf-init.oS)
                                         0x58 (size before relaxing)
 .eh_frame      0x0000000000400740        0x4 /usr/lib/gcc/x86_64-linux-gnu/4.4.7/crtend.o

.gcc_except_table
 *(.gcc_except_table .gcc_except_table.*)

.exception_ranges
 *(.exception_ranges .exception_ranges*)
                0x0000000000400744                . = (ALIGN (0x200000) - ((0x200000 - .) & 0x1fffff))
                0x0000000000600e14                . = DATA_SEGMENT_ALIGN (0x200000, 0x1000)

.eh_frame
 *(.eh_frame)

.gcc_except_table
 *(.gcc_except_table .gcc_except_table.*)

.exception_ranges
 *(.exception_ranges .exception_ranges*)

.tdata
 *(.tdata .tdata.* .gnu.linkonce.td.*)

.tbss
 *(.tbss .tbss.* .gnu.linkonce.tb.*)
 *(.tcommon)

.preinit_array  0x0000000000600e14        0x0
                0x0000000000600e14                PROVIDE (__preinit_array_start, .)
 *(.preinit_array)
                0x0000000000600e14                PROVIDE (__preinit_array_end, .)

.init_array     0x0000000000600e14        0x0
                0x0000000000600e14                PROVIDE (__init_array_start, .)
 *(SORT(.init_array.*) SORT(.ctors.*))
 *(.init_array)
 *(EXCLUDE_FILE(*crtend?.o *crtend.o *crtbegin?.o *crtbegin.o) .ctors)
                0x0000000000600e14                PROVIDE (__init_array_end, .)

.fini_array     0x0000000000600e14        0x0
                0x0000000000600e14                PROVIDE (__fini_array_start, .)
 *(SORT(.fini_array.*) SORT(.dtors.*))
 *(.fini_array)
 *(EXCLUDE_FILE(*crtend?.o *crtend.o *crtbegin?.o *crtbegin.o) .dtors)
                0x0000000000600e14                PROVIDE (__fini_array_end, .)

.ctors          0x0000000000600e18       0x10
 *crtbegin.o(.ctors)
 .ctors         0x0000000000600e18        0x8 /usr/lib/gcc/x86_64-linux-gnu/4.4.7/crtbegin.o
 *crtbegin?.o(.ctors)
 *(EXCLUDE_FILE(*crtend?.o *crtend.o) .ctors)
 *(SORT(.ctors.*))
 *(.ctors)
 .ctors         0x0000000000600e20        0x8 /usr/lib/gcc/x86_64-linux-gnu/4.4.7/crtend.o

.dtors          0x0000000000600e28       0x10
 *crtbegin.o(.dtors)
 .dtors         0x0000000000600e28        0x8 /usr/lib/gcc/x86_64-linux-gnu/4.4.7/crtbegin.o
 *crtbegin?.o(.dtors)
 *(EXCLUDE_FILE(*crtend?.o *crtend.o) .dtors)
 *(SORT(.dtors.*))
 *(.dtors)
 .dtors         0x0000000000600e30        0x8 /usr/lib/gcc/x86_64-linux-gnu/4.4.7/crtend.o
                0x0000000000600e30                __DTOR_END__

.jcr            0x0000000000600e38        0x8
 *(.jcr)
 .jcr           0x0000000000600e38        0x0 /usr/lib/gcc/x86_64-linux-gnu/4.4.7/crtbegin.o
 .jcr           0x0000000000600e38        0x8 /usr/lib/gcc/x86_64-linux-gnu/4.4.7/crtend.o

.data.rel.ro
 *(.data.rel.ro.local* .gnu.linkonce.d.rel.ro.local.*)
 *(.data.rel.ro* .gnu.linkonce.d.rel.ro.*)

.dynamic        0x0000000000600e40      0x1a0
 *(.dynamic)
 .dynamic       0x0000000000600e40      0x1a0 /usr/lib/gcc/x86_64-linux-gnu/4.4.7/../../../x86_64-linux-gnu/crt1.o
                0x0000000000600e40                _DYNAMIC

.got            0x0000000000600fe0        0x8
 *(.got)
 .got           0x0000000000600fe0        0x8 /usr/lib/gcc/x86_64-linux-gnu/4.4.7/../../../x86_64-linux-gnu/crt1.o
 *(.igot)
                0x0000000000600fe8                . = DATA_SEGMENT_RELRO_END (., 0x18)

.got.plt        0x0000000000600fe8       0x28
 *(.got.plt)
 .got.plt       0x0000000000600fe8       0x28 /usr/lib/gcc/x86_64-linux-gnu/4.4.7/../../../x86_64-linux-gnu/crt1.o
                0x0000000000600fe8                _GLOBAL_OFFSET_TABLE_
 *(.igot.plt)
 .igot.plt      0x0000000000000000        0x0 /usr/lib/gcc/x86_64-linux-gnu/4.4.7/../../../x86_64-linux-gnu/crt1.o

.data           0x0000000000601010       0x10
 *(.data .data.* .gnu.linkonce.d.*)
 .data          0x0000000000601010        0x4 /usr/lib/gcc/x86_64-linux-gnu/4.4.7/../../../x86_64-linux-gnu/crt1.o
                0x0000000000601010                data_start
                0x0000000000601010                __data_start
 .data          0x0000000000601014        0x0 /usr/lib/gcc/x86_64-linux-gnu/4.4.7/../../../x86_64-linux-gnu/crti.o
 *fill*         0x0000000000601014        0x4 00
 .data          0x0000000000601018        0x8 /usr/lib/gcc/x86_64-linux-gnu/4.4.7/crtbegin.o
                0x0000000000601018                __dso_handle
 .data          0x0000000000601020        0x0 /mnt/hgfs/share/build_system_kit/examples/get-started/project_template/build/main/libmain.a(main.o)
 .data          0x0000000000601020        0x0 /usr/lib/x86_64-linux-gnu/libc_nonshared.a(elf-init.oS)
 .data          0x0000000000601020        0x0 /usr/lib/gcc/x86_64-linux-gnu/4.4.7/crtend.o
 .data          0x0000000000601020        0x0 /usr/lib/gcc/x86_64-linux-gnu/4.4.7/../../../x86_64-linux-gnu/crtn.o

.data1
 *(.data1)
                0x0000000000601020                _edata = .
                0x0000000000601020                PROVIDE (edata, .)
                0x0000000000601020                __bss_start = .

.bss            0x0000000000601020       0x10
 *(.dynbss)
 .dynbss        0x0000000000000000        0x0 /usr/lib/gcc/x86_64-linux-gnu/4.4.7/../../../x86_64-linux-gnu/crt1.o
 *(.bss .bss.* .gnu.linkonce.b.*)
 .bss           0x0000000000601020        0x0 /usr/lib/gcc/x86_64-linux-gnu/4.4.7/../../../x86_64-linux-gnu/crt1.o
 .bss           0x0000000000601020        0x0 /usr/lib/gcc/x86_64-linux-gnu/4.4.7/../../../x86_64-linux-gnu/crti.o
 .bss           0x0000000000601020       0x10 /usr/lib/gcc/x86_64-linux-gnu/4.4.7/crtbegin.o
 .bss           0x0000000000601030        0x0 /mnt/hgfs/share/build_system_kit/examples/get-started/project_template/build/main/libmain.a(main.o)
 .bss           0x0000000000601030        0x0 /usr/lib/x86_64-linux-gnu/libc_nonshared.a(elf-init.oS)
 .bss           0x0000000000601030        0x0 /usr/lib/gcc/x86_64-linux-gnu/4.4.7/crtend.o
 .bss           0x0000000000601030        0x0 /usr/lib/gcc/x86_64-linux-gnu/4.4.7/../../../x86_64-linux-gnu/crtn.o
 *(COMMON)
                0x0000000000601030                . = ALIGN ((. != 0x0)?0x8:0x1)

.lbss
 *(.dynlbss)
 *(.lbss .lbss.* .gnu.linkonce.lb.*)
 *(LARGE_COMMON)
                0x0000000000601030                . = ALIGN (0x8)

.lrodata
 *(.lrodata .lrodata.* .gnu.linkonce.lr.*)

.ldata          0x0000000000a01030        0x0
 *(.ldata .ldata.* .gnu.linkonce.l.*)
                0x0000000000a01030                . = ALIGN ((. != 0x0)?0x8:0x1)
                0x0000000000a01030                . = ALIGN (0x8)
                0x0000000000a01030                _end = .
                0x0000000000a01030                PROVIDE (end, .)
                0x0000000000a01030                . = DATA_SEGMENT_END (.)

.stab
 *(.stab)

.stabstr
 *(.stabstr)

.stab.excl
 *(.stab.excl)

.stab.exclstr
 *(.stab.exclstr)

.stab.index
 *(.stab.index)

.stab.indexstr
 *(.stab.indexstr)

.comment        0x0000000000000000       0x54
 *(.comment)
 .comment       0x0000000000000000       0x2a /usr/lib/gcc/x86_64-linux-gnu/4.4.7/crtbegin.o
                                         0x2b (size before relaxing)
 .comment       0x0000000000000000       0x2b /mnt/hgfs/share/build_system_kit/examples/get-started/project_template/build/main/libmain.a(main.o)
 .comment       0x000000000000002a       0x2a /usr/lib/x86_64-linux-gnu/libc_nonshared.a(elf-init.oS)
                                         0x2b (size before relaxing)
 .comment       0x0000000000000000       0x2b /usr/lib/gcc/x86_64-linux-gnu/4.4.7/crtend.o

.debug
 *(.debug)

.line
 *(.line)

.debug_srcinfo
 *(.debug_srcinfo)

.debug_sfnames
 *(.debug_sfnames)

.debug_aranges  0x0000000000000000       0x30
 *(.debug_aranges)
 .debug_aranges
                0x0000000000000000       0x30 /mnt/hgfs/share/build_system_kit/examples/get-started/project_template/build/main/libmain.a(main.o)

.debug_pubnames
                0x0000000000000000       0x1b
 *(.debug_pubnames)
 .debug_pubnames
                0x0000000000000000       0x1b /mnt/hgfs/share/build_system_kit/examples/get-started/project_template/build/main/libmain.a(main.o)

.debug_info     0x0000000000000000       0xbe
 *(.debug_info .gnu.linkonce.wi.*)
 .debug_info    0x0000000000000000       0xbe /mnt/hgfs/share/build_system_kit/examples/get-started/project_template/build/main/libmain.a(main.o)

.debug_abbrev   0x0000000000000000       0x64
 *(.debug_abbrev)
 .debug_abbrev  0x0000000000000000       0x64 /mnt/hgfs/share/build_system_kit/examples/get-started/project_template/build/main/libmain.a(main.o)

.debug_line     0x0000000000000000       0x8a
 *(.debug_line)
 .debug_line    0x0000000000000000       0x8a /mnt/hgfs/share/build_system_kit/examples/get-started/project_template/build/main/libmain.a(main.o)

.debug_frame
 *(.debug_frame)

.debug_str      0x0000000000000000      0x101
 *(.debug_str)
 .debug_str     0x0000000000000000      0x101 /mnt/hgfs/share/build_system_kit/examples/get-started/project_template/build/main/libmain.a(main.o)
                                        0x124 (size before relaxing)

.debug_loc      0x0000000000000000       0x4c
 *(.debug_loc)
 .debug_loc     0x0000000000000000       0x4c /mnt/hgfs/share/build_system_kit/examples/get-started/project_template/build/main/libmain.a(main.o)

.debug_macinfo
 *(.debug_macinfo)

.debug_weaknames
 *(.debug_weaknames)

.debug_funcnames
 *(.debug_funcnames)

.debug_typenames
 *(.debug_typenames)

.debug_varnames
 *(.debug_varnames)

.debug_pubtypes
 *(.debug_pubtypes)

.debug_ranges
 *(.debug_ranges)

.gnu.attributes
 *(.gnu.attributes)

/DISCARD/
 *(.note.GNU-stack)
 *(.gnu_debuglink)
 *(.gnu.lto_*)
OUTPUT(/mnt/hgfs/share/build_system_kit/examples/get-started/project_template/build/project_template.elf elf64-x86-64)
